
> nostr-cli@0.0.1 test F:\code\svelte\nostr-cli
> npm run test:unit -- --run && npm run test:e2e "src/lib/stores/kanbanStore.share-link.spec.ts"

node.exe : npm warn Unknown env config "verify-deps-before-run". This will stop working in the next 
major version of npm.
In C:\nvm4w\nodejs\pnpm.ps1:16 Zeichen:5
+     & "$basedir/node$exe"  "$basedir/node_modules/pnpm/bin/pnpm.cjs"  ...
+     ~~~~~~~~~~~~~~~~~~~~~~~~~~~~~~~~~~~~~~~~~~~~~~~~~~~~~~~~~~~~~~~~~
    + CategoryInfo          : NotSpecified: (npm warn Unknow...version of npm.:String) [], RemoteEx 
   ception
    + FullyQualifiedErrorId : NativeCommandError
 
npm warn Unknown env config "_jsr-registry". This will stop working in the next major version of 
npm.

> nostr-cli@0.0.1 test:unit
> vitest --run

The following Vite config options will be overridden by SvelteKit:
  - root
The following Vite config options will be overridden by SvelteKit:
  - root

[1m[46m RUN [49m[22m [36mv3.2.4 [39m[90mF:/code/svelte/nostr-cli[39m

The following Vite config options will be overridden by SvelteKit:
  - root
The following Vite config options will be overridden by SvelteKit:
  - base
 [32mÔ£ô[39m [30m[42m server [49m[39m src/lib/stores/kanbanStore.export-import.spec.ts [2m([22m[2m28 tests[22m[2m)[22m[32m 10[2mms[22m[39m
 [31mÔØ»[39m [30m[42m server [49m[39m src/lib/stores/kanbanStore.share-link.spec.ts [2m([22m[2m41 tests[22m[2m | [22m[31m1 failed[39m[2m)[22m[32m 21[2mms[22m[39m
   [32mÔ£ô[39m BoardStore Share-Link Funktionalit├ñt[2m > [22mToken Generation & Compression[2m > [22mgeneriert Share-Link f├╝r valides Board[32m 2[2mms[22m[39m
   [32mÔ£ô[39m BoardStore Share-Link Funktionalit├ñt[2m > [22mToken Generation & Compression[2m > [22mberechnet Token-Gr├Â├ƒe korrekt[32m 0[2mms[22m[39m
   [32mÔ£ô[39m BoardStore Share-Link Funktionalit├ñt[2m > [22mToken Generation & Compression[2m > [22merstellt deterministische Token (gleicher Input = gleicher Output)[32m 0[2mms[22m[39m
   [32mÔ£ô[39m BoardStore Share-Link Funktionalit├ñt[2m > [22mToken Generation & Compression[2m > [22m├ñndert Token bei Daten├ñnderung[32m 0[2mms[22m[39m
   [32mÔ£ô[39m BoardStore Share-Link Funktionalit├ñt[2m > [22mToken Generation & Compression[2m > [22mkomprimiert und dekomprimiert korrekt (Round-Trip Test)[32m 1[2mms[22m[39m
   [32mÔ£ô[39m BoardStore Share-Link Funktionalit├ñt[2m > [22mURL Encoding & Query Parameters[2m > [22menkodiert Token mit encodeURIComponent[32m 0[2mms[22m[39m
   [32mÔ£ô[39m BoardStore Share-Link Funktionalit├ñt[2m > [22mURL Encoding & Query Parameters[2m > [22mdekodiert Token automatisch in Browser[32m 0[2mms[22m[39m
   [32mÔ£ô[39m BoardStore Share-Link Funktionalit├ñt[2m > [22mURL Encoding & Query Parameters[2m > [22mgeneriert Share-Link URL mit Query Parameter[32m 0[2mms[22m[39m
[31m   [31m├ù[31m BoardStore Share-Link Funktionalit├ñt[2m > [22mURL Encoding & Query Parameters[2m > [22mverhindert Double-Encoding durch Single-Layer Encoding[39m[32m 4[2mms[22m[39m
[31m     ÔåÆ expected 6 to be less than 6[39m
   [32mÔ£ô[39m BoardStore Share-Link Funktionalit├ñt[2m > [22mURL Encoding & Query Parameters[2m > [22mparst Query Parameter mit URLSearchParams[32m 0[2mms[22m[39m
   [32mÔ£ô[39m BoardStore Share-Link Funktionalit├ñt[2m > [22mURL Encoding & Query Parameters[2m > [22mhandhabt fehlende Query Parameter[32m 0[2mms[22m[39m
   [32mÔ£ô[39m BoardStore Share-Link Funktionalit├ñt[2m > [22mURL Encoding & Query Parameters[2m > [22mentfernt Query Parameter nach erfolgreichem Import[32m 0[2mms[22m[39m
   [32mÔ£ô[39m BoardStore Share-Link Funktionalit├ñt[2m > [22mImport Modes: Merge, New, Overwrite[2m > [22m"merge" Modus: Neue IDs f├╝r Konfliktfreiheit[32m 0[2mms[22m[39m
   [32mÔ£ô[39m BoardStore Share-Link Funktionalit├ñt[2m > [22mImport Modes: Merge, New, Overwrite[2m > [22m"new" Modus: ├ändert Board-Namen mit (Imported) Suffix[32m 0[2mms[22m[39m
   [32mÔ£ô[39m BoardStore Share-Link Funktionalit├ñt[2m > [22mImport Modes: Merge, New, Overwrite[2m > [22m"overwrite" Modus: Beh├ñlt originale IDs[32m 0[2mms[22m[39m
   [32mÔ£ô[39m BoardStore Share-Link Funktionalit├ñt[2m > [22mImport Modes: Merge, New, Overwrite[2m > [22mMode-String wird korrekt an importBoardFromJson() ├╝bergeben[32m 1[2mms[22m[39m
   [32mÔ£ô[39m BoardStore Share-Link Funktionalit├ñt[2m > [22mImport Modes: Merge, New, Overwrite[2m > [22mgibt Mode-spezifische Erfolgsmeldung aus[32m 0[2mms[22m[39m
   [32mÔ£ô[39m BoardStore Share-Link Funktionalit├ñt[2m > [22mShare-Link Import Workflow[2m > [22mkompletter Flow: Generate ÔåÆ Share ÔåÆ Import ÔåÆ Save[32m 0[2mms[22m[39m
   [32mÔ£ô[39m BoardStore Share-Link Funktionalit├ñt[2m > [22mShare-Link Import Workflow[2m > [22mShare-Link mit gro├ƒem Board (Edge Case)[32m 4[2mms[22m[39m
   [32mÔ£ô[39m BoardStore Share-Link Funktionalit├ñt[2m > [22mShare-Link Import Workflow[2m > [22mpreserviert alle Board-Daten durch Import[32m 0[2mms[22m[39m
   [32mÔ£ô[39m BoardStore Share-Link Funktionalit├ñt[2m > [22mError Handling & Edge Cases[2m > [22mhandhabt fehlerhaften Token graceful[32m 1[2mms[22m[39m
   [32mÔ£ô[39m BoardStore Share-Link Funktionalit├ñt[2m > [22mError Handling & Edge Cases[2m > [22mhandhabt leere/null Token[32m 0[2mms[22m[39m
   [32mÔ£ô[39m BoardStore Share-Link Funktionalit├ñt[2m > [22mError Handling & Edge Cases[2m > [22mhandhabt URL mit multiplen Query Parametern[32m 0[2mms[22m[39m
   [32mÔ£ô[39m BoardStore Share-Link Funktionalit├ñt[2m > [22mError Handling & Edge Cases[2m > [22mignoriert unerwartete Felder im importierten Board[32m 0[2mms[22m[39m
   [32mÔ£ô[39m BoardStore Share-Link Funktionalit├ñt[2m > [22mError Handling & Edge Cases[2m > [22mhandhabt Board ohne Columns[32m 0[2mms[22m[39m
   [32mÔ£ô[39m BoardStore Share-Link Funktionalit├ñt[2m > [22mError Handling & Edge Cases[2m > [22mvalidiert Board-Struktur nach Import[32m 0[2mms[22m[39m
   [32mÔ£ô[39m BoardStore Share-Link Funktionalit├ñt[2m > [22mToken Size Management[2m > [22mberechnet Token-Gr├Â├ƒe in Bytes[32m 2[2mms[22m[39m
   [32mÔ£ô[39m BoardStore Share-Link Funktionalit├ñt[2m > [22mToken Size Management[2m > [22mvergleicht Token-Gr├Â├ƒe gegen Limit (200KB)[32m 0[2mms[22m[39m
   [32mÔ£ô[39m BoardStore Share-Link Funktionalit├ñt[2m > [22mToken Size Management[2m > [22mzeigt visuellen Progress-Bar f├╝r Token-Gr├Â├ƒe[32m 0[2mms[22m[39m
   [32mÔ£ô[39m BoardStore Share-Link Funktionalit├ñt[2m > [22mToken Size Management[2m > [22mwarnt wenn Token zu gro├ƒ ist (>100KB)[32m 0[2mms[22m[39m
   [32mÔ£ô[39m BoardStore Share-Link Funktionalit├ñt[2m > [22mConsole Logging & Debugging[2m > [22mlogged Share-Link Generation mit Token-Info[32m 0[2mms[22m[39m
   [32mÔ£ô[39m BoardStore Share-Link Funktionalit├ñt[2m > [22mConsole Logging & Debugging[2m > [22mlogged Import-Verarbeitung mit Mode[32m 1[2mms[22m[39m
   [32mÔ£ô[39m BoardStore Share-Link Funktionalit├ñt[2m > [22mConsole Logging & Debugging[2m > [22mlogged vor und nach Board-Speicherung[32m 0[2mms[22m[39m
   [32mÔ£ô[39m BoardStore Share-Link Funktionalit├ñt[2m > [22mConsole Logging & Debugging[2m > [22mlogged Fehler mit aussagekr├ñftige Message[32m 0[2mms[22m[39m
   [32mÔ£ô[39m BoardStore Share-Link Funktionalit├ñt[2m > [22mIntegration mit existierendem Store[2m > [22mruft saveImportedBoard() nach erfolgreichem Import auf[32m 0[2mms[22m[39m
   [32mÔ£ô[39m BoardStore Share-Link Funktionalit├ñt[2m > [22mIntegration mit existierendem Store[2m > [22maktualisiert boardIds Liste nach Import[32m 0[2mms[22m[39m
   [32mÔ£ô[39m BoardStore Share-Link Funktionalit├ñt[2m > [22mIntegration mit existierendem Store[2m > [22mtriggert Sidebar-Refresh nach erfolgreichem Import[32m 0[2mms[22m[39m
   [32mÔ£ô[39m BoardStore Share-Link Funktionalit├ñt[2m > [22mBackward Compatibility & Version Handling[2m > [22mkann alte Board-Formate importieren (Legacy)[32m 0[2mms[22m[39m
   [32mÔ£ô[39m BoardStore Share-Link Funktionalit├ñt[2m > [22mBackward Compatibility & Version Handling[2m > [22mf├╝gt fehlende Felder mit Defaults auf[32m 0[2mms[22m[39m
   [32mÔ£ô[39m BoardStore Share-Link Funktionalit├ñt[2m > [22mSecurity & XSS Prevention[2m > [22msanitiziert Board-Inhalte vor Anzeige[32m 0[2mms[22m[39m
   [32mÔ£ô[39m BoardStore Share-Link Funktionalit├ñt[2m > [22mSecurity & XSS Prevention[2m > [22mvalidates JSON struktur vor Verwendung[32m 0[2mms[22m[39m
 [32mÔ£ô[39m [30m[42m server [49m[39m src/lib/utils/mergeEngine.spec.ts [2m([22m[2m4 tests[22m[2m)[22m[32m 3[2mms[22m[39m
[90mstdout[2m | unknown test
[22m[39mÔä╣´©Å  Config not yet in localStorage (will be loaded async)
[90mstdout[2m | unknown test
[22m[39mÔ£à Config loaded and cached from /config.json
[90mstdout[2m | unknown test
[22m[39m   allow_demo_session: false
[90mstdout[2m | unknown test
[22m[39m­ƒîÉ Config von /config.json geladen
[90mstdout[2m | unknown test
[22m[39m­ƒöä Erste Installation ÔåÆ Merge config.json als Defaults...
[90mstdout[2m | unknown test
[22m[39mÔ£à Settings saved to localStorage
[90mstdout[2m | unknown test
[22m[39mÔ£à Config merged successfully
[90mstderr[2m | unknown test
[22m[39m%c[svelte] console_log_state
%cYour `console.log` contained `$state` proxies. Consider using `$inspect(...)` or 
`$state.snapshot(...)` instead
https://svelte.dev/e/console_log_state font-weight: bold font-weight: normal
[90mstdout[2m | unknown test
[22m[39m%c[snapshot] color: grey    Current settings: {
  "alignColumnsToMaxHeight": true,
  "columnWidth": 350,
  "defaultBoardPublishState": "draft",
  "defaultCardPublishState": "draft",
  "defaultColumns": [
    "To Do",
    "In Progress",
    "Done",
  ],
  "llmApiKey": "",
  "llmBaseUrl": "http://localhost:11434",
  "llmModel": "ollama/mistral",
  "llmSystemPrompt": "Du bist ein hilfreicher KI-Assistant f├╝r Kanban Board Management. Helfe dem Benutzer beim Organisieren und Strukturieren von Aufgaben.",
  "maxCardsBeforeScroll": 20,
  "mcpUrls": [],
  "relaysPrivate": [],
  "relaysPublic": [
    "wss://relay-rpi.edufeed.org",
    "wss://relay.primal.net",
    "wss://nos.lol",
  ],
  "showLeftSidebar": true,
  "showRightSidebar": true,
  "theme": "auto",
}
[90mstdout[2m | unknown test
[22m[39m   Current settings: {
  "alignColumnsToMaxHeight": true,
  "columnWidth": 350,
  "defaultBoardPublishState": "draft",
  "defaultCardPublishState": "draft",
  "defaultColumns": [
    "To Do",
    "In Progress",
    "Done",
  ],
  "llmApiKey": "",
  "llmBaseUrl": "http://localhost:11434",
  "llmModel": "ollama/mistral",
  "llmSystemPrompt": "Du bist ein hilfreicher KI-Assistant f├╝r Kanban Board Management. Helfe dem Benutzer beim Organisieren und Strukturieren von Aufgaben.",
  "maxCardsBeforeScroll": 20,
  "mcpUrls": [],
  "relaysPrivate": [],
  "relaysPublic": [
    "wss://relay-rpi.edufeed.org",
    "wss://relay.primal.net",
    "wss://nos.lol",
  ],
  "showLeftSidebar": true,
  "showRightSidebar": true,
  "theme": "auto",
}
[90mstdout[2m | src/lib/stores/settingsStore.svelte.spec.ts[2m > [22m[2mSettingsStore - unit tests[2m > [22m[2msetMaxCardsBeforeScroll updates value and persists
[22m[39mÔ£à Settings saved to localStorage
[90mstderr[2m | src/lib/stores/settingsStore.svelte.spec.ts[2m > [22m[2mSettingsStore - unit 
tests[2m > [22m[2mrejects invalid maxCardsBeforeScroll values
[22m[39mInvalid maxCardsBeforeScroll value: +0
[90mstdout[2m | src/lib/stores/settingsStore.svelte.spec.ts[2m > [22m[2mSettingsStore - unit tests[2m > [22m[2msetColumnWidth enforces min/max and persists
[22m[39mÔ£à Settings saved to localStorage
[90mstderr[2m | src/lib/stores/settingsStore.svelte.spec.ts[2m > [22m[2mSettingsStore - unit 
tests[2m > [22m[2msetColumnWidth enforces min/max and persists
[22m[39mInvalid columnWidth value: 1000
[90mstdout[2m | src/lib/stores/settingsStore.svelte.spec.ts[2m > [22m[2mSettingsStore - unit tests[2m > [22m[2msetTheme updates theme and persists
[22m[39mÔ£à Settings saved to localStorage
[90mstdout[2m | src/lib/stores/settingsStore.svelte.spec.ts[2m > [22m[2mSettingsStore - unit tests[2m > [22m[2mrelay management: setRelaysPublic / addRelayPublic / removeRelayPublic
[22m[39mÔ£à Settings saved to localStorage
[90mstdout[2m | src/lib/stores/settingsStore.svelte.spec.ts[2m > [22m[2mSettingsStore - unit tests[2m > [22m[2mrelay management: setRelaysPublic / addRelayPublic / removeRelayPublic
[22m[39m­ƒôí addRelayPublic called with: wss://another.relay
[90mstdout[2m | src/lib/stores/settingsStore.svelte.spec.ts[2m > [22m[2mSettingsStore - unit tests[2m > [22m[2mrelay management: setRelaysPublic / addRelayPublic / removeRelayPublic
[22m[39m  - isValid: true
[90mstdout[2m | src/lib/stores/settingsStore.svelte.spec.ts[2m > [22m[2mSettingsStore - unit tests[2m > [22m[2mrelay management: setRelaysPublic / addRelayPublic / removeRelayPublic
[22m[39m  - alreadyExists: false
[90mstdout[2m | src/lib/stores/settingsStore.svelte.spec.ts[2m > [22m[2mSettingsStore - unit tests[2m > [22m[2mrelay management: setRelaysPublic / addRelayPublic / removeRelayPublic
[22m[39mÔ£à Settings saved to localStorage
[90mstdout[2m | src/lib/stores/settingsStore.svelte.spec.ts[2m > [22m[2mSettingsStore - unit tests[2m > [22m[2mrelay management: setRelaysPublic / addRelayPublic / removeRelayPublic
[22m[39m  Ô£à Relay added successfully
[90mstdout[2m | src/lib/stores/settingsStore.svelte.spec.ts[2m > [22m[2mSettingsStore - unit tests[2m > [22m[2mrelay management: setRelaysPublic / addRelayPublic / removeRelayPublic
[22m[39m­ƒôí addRelayPublic called with: wss://another.relay
[90mstdout[2m | src/lib/stores/settingsStore.svelte.spec.ts[2m > [22m[2mSettingsStore - unit tests[2m > [22m[2mrelay management: setRelaysPublic / addRelayPublic / removeRelayPublic
[22m[39m  - isValid: true
[90mstdout[2m | src/lib/stores/settingsStore.svelte.spec.ts[2m > [22m[2mSettingsStore - unit tests[2m > [22m[2mrelay management: setRelaysPublic / addRelayPublic / removeRelayPublic
[22m[39m  - alreadyExists: true
[90mstdout[2m | src/lib/stores/settingsStore.svelte.spec.ts[2m > [22m[2mSettingsStore - unit tests[2m > [22m[2mrelay management: setRelaysPublic / addRelayPublic / removeRelayPublic
[22m[39m  ÔØî Relay not added - validation failed or already exists
[90mstdout[2m | src/lib/stores/settingsStore.svelte.spec.ts[2m > [22m[2mSettingsStore - unit tests[2m > [22m[2mrelay management: setRelaysPublic / addRelayPublic / removeRelayPublic
[22m[39mÔ£à Settings saved to localStorage
[90mstdout[2m | src/lib/stores/settingsStore.svelte.spec.ts[2m > [22m[2mSettingsStore - unit tests[2m > [22m[2msetRelaysPrivate works and validates
[22m[39mÔ£à Settings saved to localStorage
[90mstdout[2m | src/lib/stores/settingsStore.svelte.spec.ts[2m > [22m[2mSettingsStore - unit tests[2m > [22m[2mLLM setters and isLlmConfigured derived flag
[22m[39mÔ£à Settings saved to localStorage
[90mstdout[2m | src/lib/stores/settingsStore.svelte.spec.ts[2m > [22m[2mSettingsStore - unit tests[2m > [22m[2mLLM setters and isLlmConfigured derived flag
[22m[39mÔ£à Settings saved to localStorage
[90mstdout[2m | src/lib/stores/settingsStore.svelte.spec.ts[2m > [22m[2mSettingsStore - unit tests[2m > [22m[2msetLlmApiKey stores key and warns for remote hosts
[22m[39mÔ£à Settings saved to localStorage
[90mstderr[2m | src/lib/stores/settingsStore.svelte.spec.ts[2m > [22m[2mSettingsStore - unit 
tests[2m > [22m[2msetLlmApiKey stores key and warns for remote hosts
[22m[39mÔÜá´©Å WARNING: Storing API keys for remote services is not recommended. Use environment 
variables instead.
[90mstdout[2m | src/lib/stores/settingsStore.svelte.spec.ts[2m > [22m[2mSettingsStore - unit tests[2m > [22m[2msetLlmApiKey stores key and warns for remote hosts
[22m[39mÔ£à Settings saved to localStorage
[90mstdout[2m | src/lib/stores/settingsStore.svelte.spec.ts[2m > [22m[2mSettingsStore - unit tests[2m > [22m[2mMCP URLs management
[22m[39mÔ£à Settings saved to localStorage
[90mstdout[2m | src/lib/stores/settingsStore.svelte.spec.ts[2m > [22m[2mSettingsStore - unit tests[2m > [22m[2mMCP URLs management
[22m[39mÔ£à Settings saved to localStorage
[90mstdout[2m | src/lib/stores/settingsStore.svelte.spec.ts[2m > [22m[2mSettingsStore - unit tests[2m > [22m[2mMCP URLs management
[22m[39mÔ£à Settings saved to localStorage
[90mstdout[2m | src/lib/stores/settingsStore.svelte.spec.ts[2m > [22m[2mSettingsStore - unit tests[2m > [22m[2mdefault columns and publish state setters
[22m[39mÔ£à Settings saved to localStorage
[90mstdout[2m | src/lib/stores/settingsStore.svelte.spec.ts[2m > [22m[2mSettingsStore - unit tests[2m > [22m[2mdefault columns and publish state setters
[22m[39mÔ£à Settings saved to localStorage
[90mstdout[2m | src/lib/stores/settingsStore.svelte.spec.ts[2m > [22m[2mSettingsStore - unit tests[2m > [22m[2mdefault columns and publish state setters
[22m[39mÔ£à Settings saved to localStorage
[90mstdout[2m | src/lib/stores/settingsStore.svelte.spec.ts[2m > [22m[2mSettingsStore - unit tests[2m > [22m[2msidebar toggles and setters
[22m[39mÔ£à Settings saved to localStorage
[90mstdout[2m | src/lib/stores/settingsStore.svelte.spec.ts[2m > [22m[2mSettingsStore - unit tests[2m > [22m[2msidebar toggles and setters
[22m[39mÔ£à Settings saved to localStorage
[90mstdout[2m | src/lib/stores/settingsStore.svelte.spec.ts[2m > [22m[2mSettingsStore - unit tests[2m > [22m[2msidebar toggles and setters
[22m[39mÔ£à Settings saved to localStorage
[90mstdout[2m | src/lib/stores/settingsStore.svelte.spec.ts[2m > [22m[2mSettingsStore - unit tests[2m > [22m[2msidebar toggles and setters
[22m[39mÔ£à Settings saved to localStorage
[90mstdout[2m | src/lib/stores/settingsStore.svelte.spec.ts[2m > [22m[2mSettingsStore - unit tests[2m > [22m[2mupdateSettings merges partial object and persists
[22m[39mÔ£à Settings saved to localStorage
[90mstdout[2m | src/lib/stores/settingsStore.svelte.spec.ts[2m > [22m[2mSettingsStore - unit tests[2m > [22m[2mexportSettings and importSettings round-trip
[22m[39mÔ£à Settings saved to localStorage
[90mstdout[2m | src/lib/stores/settingsStore.svelte.spec.ts[2m > [22m[2mSettingsStore - unit tests[2m > [22m[2mexportSettings and importSettings round-trip
[22m[39mÔ£à Settings saved to localStorage
[90mstdout[2m | src/lib/stores/settingsStore.svelte.spec.ts[2m > [22m[2mSettingsStore - unit tests[2m > [22m[2mexportSettings and importSettings round-trip
[22m[39mÔ£à Settings imported successfully
[90mstdout[2m | src/lib/stores/settingsStore.svelte.spec.ts[2m > [22m[2mSettingsStore - unit tests[2m > [22m[2mreset restores DEFAULT_SETTINGS and persists
[22m[39mÔ£à Settings saved to localStorage
[90mstdout[2m | src/lib/stores/settingsStore.svelte.spec.ts[2m > [22m[2mSettingsStore - unit tests[2m > [22m[2mreset restores DEFAULT_SETTINGS and persists
[22m[39mÔ£à Settings saved to localStorage
[90mstdout[2m | src/lib/stores/settingsStore.svelte.spec.ts[2m > [22m[2mSettingsStore - unit tests[2m > [22m[2mreset restores DEFAULT_SETTINGS and persists
[22m[39mÔ£à Settings reset to defaults
[90mstdout[2m | src/lib/stores/settingsStore.svelte.spec.ts[2m > [22m[2mSettingsStore - unit tests[2m > [22m[2mloadAndCacheConfig fetches config and merges when no user settings
[22m[39mÔ£à Config loaded and cached from /config.json
[90mstdout[2m | src/lib/stores/settingsStore.svelte.spec.ts[2m > [22m[2mSettingsStore - unit tests[2m > [22m[2mloadAndCacheConfig fetches config and merges when no user settings
[22m[39m   allow_demo_session: undefined
[90mstdout[2m | src/lib/stores/settingsStore.svelte.spec.ts[2m > [22m[2mSettingsStore - unit tests[2m > [22m[2mloadConfigSync reads cached config from localStorage
[22m[39mÔ£à Config loaded from localStorage (sync)
 [32mÔ£ô[39m [30m[43m client (chromium) [49m[39m src/lib/stores/settingsStore.svelte.spec.ts [2m([22m[2m17 tests[22m[2m)[22m[32m 11[2mms[22m[39m
[90mstdout[2m | src/lib/stores/authstore.svelte.spec.ts[2m > [22m[2mAuthStore (unit)[2m > [22m[2mcreateDemoSession sets currentUser and session
[22m[39m­ƒæñ Keine Session gefunden ÔåÆ User ist ausgeloggt
[90mstdout[2m | src/lib/stores/authstore.svelte.spec.ts[2m > [22m[2mAuthStore (unit)[2m > [22m[2mcreateDemoSession sets currentUser and session
[22m[39mÔä╣´©Å  Demo sessions: enabled Ô£à
[90mstdout[2m | src/lib/stores/authstore.svelte.spec.ts[2m > [22m[2mAuthStore (unit)[2m > [22m[2mcreateDemoSession sets currentUser and session
[22m[39mÔ£à Demo-Session erstellt: demo-fdrao44z
[90mstdout[2m | src/lib/stores/authstore.svelte.spec.ts[2m > [22m[2mAuthStore (unit)[2m > [22m[2mcreateDemoSession sets currentUser and session
[22m[39m   User kann lokal Boards anlegen und bearbeiten
[90mstdout[2m | src/lib/stores/authstore.svelte.spec.ts[2m > [22m[2mAuthStore (unit)[2m > [22m[2mcreateDemoSession sets currentUser and session
[22m[39m   Nach Login ÔåÆ echte Nostr-Session mit gleicher Validierung
[90mstdout[2m | src/lib/stores/authstore.svelte.spec.ts[2m > [22m[2mAuthStore (unit)[2m > [22m[2mlogout clears session and currentUser
[22m[39m­ƒæñ Keine Session gefunden ÔåÆ User ist ausgeloggt
[90mstdout[2m | src/lib/stores/authstore.svelte.spec.ts[2m > [22m[2mAuthStore (unit)[2m > [22m[2mlogout clears session and currentUser
[22m[39mÔä╣´©Å  Demo sessions: enabled Ô£à
[90mstdout[2m | src/lib/stores/authstore.svelte.spec.ts[2m > [22m[2mAuthStore (unit)[2m > [22m[2mlogout clears session and currentUser
[22m[39mÔ£à Demo-Session erstellt: demo-iic4aiq8
[90mstdout[2m | src/lib/stores/authstore.svelte.spec.ts[2m > [22m[2mAuthStore (unit)[2m > [22m[2mlogout clears session and currentUser
[22m[39m   User kann lokal Boards anlegen und bearbeiten
[90mstdout[2m | src/lib/stores/authstore.svelte.spec.ts[2m > [22m[2mAuthStore (unit)[2m > [22m[2mlogout clears session and currentUser
[22m[39m   Nach Login ÔåÆ echte Nostr-Session mit gleicher Validierung
[90mstdout[2m | src/lib/stores/authstore.svelte.spec.ts[2m > [22m[2mAuthStore (unit)[2m > [22m[2mlogout clears session and currentUser
[22m[39m­ƒÜ¬ User logged out
[90mstdout[2m | src/lib/stores/authstore.svelte.spec.ts[2m > [22m[2mAuthStore (unit)[2m > [22m[2mloginWithNip46 throws not implemented
[22m[39m­ƒæñ Keine Session gefunden ÔåÆ User ist ausgeloggt
[90mstdout[2m | src/lib/stores/authstore.svelte.spec.ts[2m > [22m[2mAuthStore (unit)[2m > [22m[2mloginWithNsec accepts valid nsec and sets currentUser
[22m[39m­ƒæñ Keine Session gefunden ÔåÆ User ist ausgeloggt
[90mstdout[2m | src/lib/stores/authstore.svelte.spec.ts[2m > [22m[2mAuthStore (unit)[2m > [22m[2mloginWithNsec accepts valid nsec and sets currentUser
[22m[39m­ƒÆ¥ Session saved for Priv User
[90mstdout[2m | src/lib/stores/authstore.svelte.spec.ts[2m > [22m[2mAuthStore (unit)[2m > [22m[2mloginWithNip07 requires window.nostr and sets currentUser
[22m[39m­ƒæñ Keine Session gefunden ÔåÆ User ist ausgeloggt
[90mstdout[2m | src/lib/stores/authstore.svelte.spec.ts[2m > [22m[2mAuthStore (unit)[2m > [22m[2mloginWithNip07 requires window.nostr and sets currentUser
[22m[39m­ƒÆ¥ Session saved for Nip07 User
[90mstdout[2m | src/lib/stores/authstore.svelte.spec.ts[2m > [22m[2mAuthStore (unit)[2m > [22m[2misDemoSessionAllowed respects config in localStorage
[22m[39m­ƒæñ Keine Session gefunden ÔåÆ User ist ausgeloggt
[90mstdout[2m | src/lib/stores/authstore.svelte.spec.ts[2m > [22m[2mAuthStore (unit)[2m > [22m[2misDemoSessionAllowed respects config in localStorage
[22m[39mÔä╣´©Å  Demo sessions: enabled Ô£à
[90mstdout[2m | src/lib/stores/authstore.svelte.spec.ts[2m > [22m[2mAuthStore (unit)[2m > [22m[2misDemoSessionAllowed respects config in localStorage
[22m[39mÔä╣´©Å  Demo sessions: disabled ÔØî
[90mstdout[2m | src/lib/stores/authstore.svelte.spec.ts[2m > [22m[2mAuthStore (unit)[2m > [22m[2mupdateProfile updates currentUser profile and persisted session
[22m[39m­ƒæñ Keine Session gefunden ÔåÆ User ist ausgeloggt
[90mstdout[2m | src/lib/stores/authstore.svelte.spec.ts[2m > [22m[2mAuthStore (unit)[2m > [22m[2mupdateProfile updates currentUser profile and persisted session
[22m[39mÔä╣´©Å  Demo sessions: enabled Ô£à
[90mstdout[2m | src/lib/stores/authstore.svelte.spec.ts[2m > [22m[2mAuthStore (unit)[2m > [22m[2mupdateProfile updates currentUser profile and persisted session
[22m[39mÔ£à Demo-Session erstellt: demo-d7df5qmu
[90mstdout[2m | src/lib/stores/authstore.svelte.spec.ts[2m > [22m[2mAuthStore (unit)[2m > [22m[2mupdateProfile updates currentUser profile and persisted session
[22m[39m   User kann lokal Boards anlegen und bearbeiten
[90mstdout[2m | src/lib/stores/authstore.svelte.spec.ts[2m > [22m[2mAuthStore (unit)[2m > [22m[2mupdateProfile updates currentUser profile and persisted session
[22m[39m   Nach Login ÔåÆ echte Nostr-Session mit gleicher Validierung
[90mstdout[2m | src/lib/stores/authstore.svelte.spec.ts[2m > [22m[2mAuthStore (unit)[2m > [22m[2mupdateProfile updates currentUser profile and persisted session
[22m[39mÔ£à Profile updated
[90mstdout[2m | src/lib/stores/authstore.svelte.spec.ts[2m > [22m[2mAuthStore (unit)[2m > [22m[2mverifyNip05 returns true when names match
[22m[39m­ƒæñ Keine Session gefunden ÔåÆ User ist ausgeloggt
[90mstdout[2m | src/lib/stores/authstore.svelte.spec.ts[2m > [22m[2mAuthStore (unit)[2m > [22m[2mgetPubkey/getNpub/getUserName/getStatus return expected values
[22m[39m­ƒæñ Keine Session gefunden ÔåÆ User ist ausgeloggt
 [32mÔ£ô[39m [30m[43m client (chromium) [49m[39m src/lib/stores/authstore.svelte.spec.ts [2m([22m[2m9 tests[22m[2m)[22m[32m 5[2mms[22m[39m
 [32mÔ£ô[39m [30m[43m client (chromium) [49m[39m src/lib/components/ImportPopover.svelte.spec.ts [2m([22m[2m47 tests[22m[2m)[22m[32m 4[2mms[22m[39m
 [32mÔ£ô[39m [30m[43m client (chromium) [49m[39m src/routes/page.svelte.spec.ts [2m([22m[2m16 tests[22m[2m | [22m[33m1 skipped[39m[2m)[22m[32m 3[2mms[22m[39m

[31mÔÄ»ÔÄ»ÔÄ»ÔÄ»ÔÄ»ÔÄ»ÔÄ»[39m[1m[41m Failed Tests 1 [49m[22m[31mÔÄ»ÔÄ»ÔÄ»ÔÄ»ÔÄ»ÔÄ»ÔÄ»[39m

[41m[1m FAIL [22m[49m [30m[42m server [49m[39m 
src/lib/stores/kanbanStore.share-link.spec.ts[2m > [22mBoardStore Share-Link Funktionalit├ñt[2m 
> [22mURL Encoding & Query Parameters[2m > [22mverhindert Double-Encoding durch Single-Layer 
Encoding
[31m[1mAssertionError[22m: expected 6 to be less than 6[39m
[36m [2mÔØ»[22m src/lib/stores/kanbanStore.share-link.spec.ts:[2m188:28[22m[39m
    [90m186| [39m   [90m// encoded1: %65%79%4A... (einfach)[39m
    [90m187| [39m   [90m// encoded2: %2565%2559%254A... (doppelt, % wird zu %25)[39m
    [90m188| [39m   [34mexpect[39m(encoded1[33m.[39mlength)[33m.[39m[34mtoBeLessThan[39m(e
ncoded2[33m.[39mlength)[33m;[39m
    [90m   | [39m                           [31m^[39m
    [90m189| [39m   expect(encoded2).toContain('%25'); // Double-encoding enth├ñlt %25 (ÔÇª
    [90m190| [39m

[31m[2mÔÄ»ÔÄ»ÔÄ»ÔÄ»ÔÄ»ÔÄ»ÔÄ»ÔÄ»ÔÄ»ÔÄ»ÔÄ»ÔÄ»ÔÄ»ÔÄ»ÔÄ»ÔÄ»ÔÄ»ÔÄ»ÔÄ»ÔÄ»ÔÄ»ÔÄ»ÔÄ»ÔÄ»[1/1]ÔÄ»[22m[39m


[2m Test Files [22m [1m[31m1 failed[39m[22m[2m | [22m[1m[32m6 passed[39m[22m[90m (7)[39m
[2m      Tests [22m [1m[31m1 failed[39m[22m[2m | [22m[1m[32m160 passed[39m[22m[2m | [22m[33m1 skipped[39m[90m (162)[39m
[2m   Start at [22m 16:46:26
[2m   Duration [22m 2.11s[2m (transform 223ms, setup 38ms, collect 571ms, tests 57ms, environment 0ms, prepare 11.61s)[22m

[2m16:46:29[22m [31m[1m[vite][22m[39m [31m[2m(ssr)[22m[39m [31mError when evaluating SSR 
module /@fs/F:/code/svelte/nostr-cli/node_modules/.pnpm/@sveltejs+kit@2.46.4_@svelt_2c145a907e758538
35c13f6a2118b28a/node_modules/@sveltejs/kit/src/runtime/server/index.js: transport was 
disconnected, cannot call "fetchModule"[39m
      at reviveInvokeError (file:///F:/code/svelte/nostr-cli/node_modules/.pnpm/vite@7.1.9_@types+no
de@22.1_1a0173b46e7541bc2d33dac67a243033/node_modules/vite/dist/node/module-runner.js:473:14)
      at Object.invoke (file:///F:/code/svelte/nostr-cli/node_modules/.pnpm/vite@7.1.9_@types+node@2
2.1_1a0173b46e7541bc2d33dac67a243033/node_modules/vite/dist/node/module-runner.js:547:11)
      at async SSRCompatModuleRunner.getModuleInformation (file:///F:/code/svelte/nostr-cli/node_mod
ules/.pnpm/vite@7.1.9_@types+node@22.1_1a0173b46e7541bc2d33dac67a243033/node_modules/vite/dist/node/
module-runner.js:1053:7)
      at async request (file:///F:/code/svelte/nostr-cli/node_modules/.pnpm/vite@7.1.9_@types+node@2
2.1_1a0173b46e7541bc2d33dac67a243033/node_modules/vite/dist/node/module-runner.js:1070:83)
      at async eval (F:\code\svelte\nostr-cli\node_modules\.pnpm\svelte@5.39.11\node_modules\svelte\
src\internal\client\loop.js:2:1)
      at async ESModulesEvaluator.runInlinedModule (file:///F:/code/svelte/nostr-cli/node_modules/.p
npm/vite@7.1.9_@types+node@22.1_1a0173b46e7541bc2d33dac67a243033/node_modules/vite/dist/node/module-
runner.js:906:3)
      at async SSRCompatModuleRunner.directRequest (file:///F:/code/svelte/nostr-cli/node_modules/.p
npm/vite@7.1.9_@types+node@22.1_1a0173b46e7541bc2d33dac67a243033/node_modules/vite/dist/node/module-
runner.js:1113:59)
      at async SSRCompatModuleRunner.directRequest (file:///F:/code/svelte/nostr-cli/node_modules/.p
npm/vite@7.1.9_@types+node@22.1_1a0173b46e7541bc2d33dac67a243033/node_modules/vite/dist/node/chunks/
dep-Chhhsdoe.js:18607:22)
      at async SSRCompatModuleRunner.cachedRequest (file:///F:/code/svelte/nostr-cli/node_modules/.p
npm/vite@7.1.9_@types+node@22.1_1a0173b46e7541bc2d33dac67a243033/node_modules/vite/dist/node/module-
runner.js:1031:73)
      at async eval (F:\code\svelte\nostr-cli\node_modules\.pnpm\svelte@5.39.11\node_modules\svelte\
src\internal\client\dom\elements\transitions.js:11:1)
ÔÇëELIFECYCLEÔÇë Test failed. See above for more details.
